[stage] provenance ...
[stage] provenance done in 6s
[stage] checkpoints_test ...
[checkpoints_test] 30000 done in 78s
[checkpoints_test] 40000 done in 77s
[stage] checkpoints_test done in 157s
[stage] checkpoints_val ...
[checkpoints_val] 30000: ratio {'metric_w1_mean': 2.2070488515180733, 'rapsd_distance': 2.7930498433162665, 'height_w1': 0.9637073391836989, 'slope_w1_deg': 4.550807685111912}
[checkpoints_val] 40000: ratio {'metric_w1_mean': 2.225961135790243, 'rapsd_distance': 3.2282796376309504, 'height_w1': 1.061838725885405, 'slope_w1_deg': 4.72612197539717}
[stage] checkpoints_val done in 79s
[stage] select ...
[select] checkpoint 30000: lowest VAL metric_w1_mean ratio (2.207); runner-up 40000 within 0.05 but higher mean headline ratio (2.811 vs 2.629)
[stage] select done in 0s
[stage] sampler_val ...
[sampler_val] s25_u_g1.5_e0: ratio 1.558 rapsd 2.047 770.9 ms/map
[sampler_val] s25_q_g1.5_e0: ratio 1.883 rapsd 1.816 722.5 ms/map
[sampler_val] s50_u_g1.5_e0: ratio 1.558 rapsd 2.047 787.9 ms/map
[sampler_val] s50_q_g1.5_e0: ratio 1.883 rapsd 1.816 765.1 ms/map
[sampler_val] s100_u_g1.5_e0: ratio 1.558 rapsd 2.047 783.4 ms/map
[sampler_val] s100_q_g1.5_e0: ratio 1.883 rapsd 1.816 795.1 ms/map
[sampler_val] s200_u_g1.5_e0: ratio 1.558 rapsd 2.047 767.3 ms/map
[sampler_val] s200_q_g1.5_e0: ratio 1.883 rapsd 1.816 739.5 ms/map
[sampler_val] s100_u_g1_e0: ratio 1.757 rapsd 2.122 351.3 ms/map
[sampler_val] s100_u_g2_e0: ratio 1.491 rapsd 1.579 719.4 ms/map
[sampler_val] s100_u_g3_e0: ratio 1.390 rapsd 1.428 820.3 ms/map
[sampler_val] s100_q_g1_e0: ratio 2.190 rapsd 2.236 311.4 ms/map
[sampler_val] s100_q_g2_e0: ratio 1.860 rapsd 1.908 669.3 ms/map
[sampler_val] s100_q_g3_e0: ratio 1.657 rapsd 1.690 631.1 ms/map
[sampler_val] s100_u_g1.5_e0.5: ratio 1.555 rapsd 1.914 659.2 ms/map
[sampler_val] s100_u_g1.5_e1: ratio 1.589 rapsd 1.817 646.5 ms/map
[sampler_val] s100_q_g1.5_e0.5: ratio 1.895 rapsd 1.771 688.1 ms/map
[sampler_val] s100_q_g1.5_e1: ratio 1.631 rapsd 1.647 659.8 ms/map
[sampler_val] s50_q_g1_e0: ratio 2.190 rapsd 2.236 345.5 ms/map
[sampler_val] s50_q_g2_e0: ratio 1.860 rapsd 1.908 754.3 ms/map
[stage] sampler_val done in 283s
[stage] perf ...
[perf] steps 25 g 1.0 bs 1: 2.20 maps/s peak 0 MB
[perf] steps 25 g 1.0 bs 4: 1.93 maps/s peak 0 MB
[perf] steps 25 g 1.5 bs 1: 0.64 maps/s peak 0 MB
[perf] steps 25 g 1.5 bs 4: 1.06 maps/s peak 0 MB
[perf] steps 50 g 1.0 bs 1: 1.81 maps/s peak 0 MB
[perf] steps 50 g 1.0 bs 4: 2.46 maps/s peak 0 MB
[perf] steps 50 g 1.5 bs 1: 0.57 maps/s peak 0 MB
[perf] steps 50 g 1.5 bs 4: 0.72 maps/s peak 0 MB
[perf] steps 100 g 1.0 bs 1: 1.16 maps/s peak 0 MB
[perf] steps 100 g 1.0 bs 4: 1.40 maps/s peak 0 MB
[perf] steps 100 g 1.5 bs 1: 0.71 maps/s peak 0 MB
[perf] steps 100 g 1.5 bs 4: 0.79 maps/s peak 0 MB
[perf] steps 200 g 1.0 bs 1: 1.19 maps/s peak 0 MB
[perf] steps 200 g 1.0 bs 4: 1.48 maps/s peak 0 MB
[perf] steps 200 g 1.5 bs 1: 0.73 maps/s peak 0 MB
[perf] steps 200 g 1.5 bs 4: 0.77 maps/s peak 0 MB
[stage] perf done in 159s
[stage] pareto ...
[pareto] frontier ['s50_q_g1_e0', 's100_u_g1_e0', 's25_u_g1.5_e0', 's100_u_g3_e0']; recommended s100_u_g3_e0
[stage] pareto done in 0s
[stage] sampler_test ...
[sampler_test] s50_q_g1_e0: ratio 3.705 rapsd 14.323 487.8 ms/map
[sampler_test] s100_u_g1_e0: ratio 2.628 rapsd 14.056 384.8 ms/map
[sampler_test] s25_u_g1.5_e0: ratio 2.347 rapsd 11.900 751.1 ms/map
[sampler_test] s100_u_g3_e0: ratio 2.484 rapsd 9.391 800.3 ms/map
[stage] sampler_test done in 121s
[stage] stress ...
[stress] single mean_elevation/low: req 0.113 got 0.128 nMAE 0.133
[stress] single mean_elevation/mid: req 0.313 got 0.371 nMAE 0.538
[stress] single mean_elevation/high: req 0.489 got 0.459 nMAE 0.277
[stress] single relief/low: req 0.045 got 0.038 nMAE 0.216
[stress] single relief/mid: req 0.220 got 0.081 nMAE 1.238
[stress] single relief/high: req 0.411 got 0.385 nMAE 0.295
[stress] single mean_slope_deg/low: req 2.763 got 1.459 nMAE 0.192
[stress] single mean_slope_deg/mid: req 12.303 got 5.058 nMAE 1.069
[stress] single mean_slope_deg/high: req 25.542 got 16.337 nMAE 1.358
[stress] single water_fraction/low: req 0.000 got 0.000 nMAE 0.000
[stress] single water_fraction/mid: req 0.108 got 0.000 nMAE 0.356
[stress] single water_fraction/high: req 0.877 got 0.263 nMAE 2.185
[stress] single spectral_beta/low: req 3.410 got 3.770 nMAE 0.526
[stress] single spectral_beta/mid: req 4.569 got 3.720 nMAE 0.790
[stress] single spectral_beta/high: req 7.118 got 3.061 nMAE 3.571
[stress] gain plains: mean_elevation=1.5035518667857588 relief=-0.1487135891123462 mean_slope_deg=0.021742443479396748 water_fraction=0.4208460532054074 spectral_beta=-0.4307020383860903
[stress] gain hills: mean_elevation=1.2303910517681786 relief=0.42381957145764465 mean_slope_deg=0.8240830180563262 water_fraction=3.353278788618877 spectral_beta=-1.1746101922601313
[stress] gain mountains: mean_elevation=-0.17400934104197593 relief=1.1523382169310874 mean_slope_deg=0.6691392667640857 water_fraction=0.0 spectral_beta=-0.6041497619256291
[stress] gain ridges: mean_elevation=1.0975518301299985 relief=1.68941668778023 mean_slope_deg=0.7157152072650194 water_fraction=0.0 spectral_beta=0.3915950488318204
[stress] gain islands: mean_elevation=1.3974650380986422 relief=1.5304756784317903 mean_slope_deg=0.5108629389597106 water_fraction=0.2035290822518906 spectral_beta=-0.28973914439144144
[stress] gain mesas: mean_elevation=-0.028419627738771353 relief=1.6159171835571513 mean_slope_deg=1.0584686623209216 water_fraction=0.0 spectral_beta=0.5660276661221204
[stage] stress done in 253s
[stage] analysis ...
[stage] analysis done in 20s
[stage] figures ...
[stage] figures done in 3s
[stage] training ...
[stage] training done in 0s
[stage] aggregate ...
[aggregate] -> C:\Users\fearl\OneDrive\Desktop\NULLSCAPE\benchmarks\v1\dryrun\results.json
[stage] aggregate done in 0s
wrote benchmarks\v1\dryrun\tables.md
